#-----------------------------------------------------------
# Vivado v2019.1 (64-bit)
# SW Build 2552052 on Fri May 24 14:49:42 MDT 2019
# IP Build 2548770 on Fri May 24 18:01:18 MDT 2019
# Start of session at: Fri May 31 19:23:54 2024
# Process ID: 23580
# Current directory: C:/Users/ddd31/Desktop/streamline
# Command line: vivado.exe -gui_launcher_event rodinguilauncherevent14132 C:\Users\ddd31\Desktop\streamline\dsd_mlp.xpr
# Log file: C:/Users/ddd31/Desktop/streamline/vivado.log
# Journal file: C:/Users/ddd31/Desktop/streamline\vivado.jou
#-----------------------------------------------------------
start_gui
open_project C:/Users/ddd31/Desktop/streamline/dsd_mlp.xpr
update_compile_order -fileset sources_1
launch_simulation
launch_simulation
# Disabling source management mode.  This is to allow the top design properties to be set without GUI intervention.
set_property source_mgmt_mode None [current_project]
set_property top tb_mlp_top_1 [get_filesets sim_1]
set_property top_lib xil_defaultlib [get_filesets sim_1]
# Re-enabling previously disabled source management mode.
set_property source_mgmt_mode All [current_project]
update_compile_order -fileset sim_1
launch_simulation
open_wave_config C:/Users/ddd31/Desktop/streamline/tb_mlp_top_behav.wcfg
source tb_mlp_top_1.tcl
relaunch_sim
run all
